Sp3oCRorajCMJeD0fhhZIXS9M8paDVqEDG
Possible New Discovery
Sp3oCRorajCMJeD0fhhZIXS9M8paDVqEDG
Possible New Discovery
Sp3oCRorajCMJeD0fhhZIXS9M8paDVqEDG
Possible New Discovery
Possible New Discovery
SpEUvq1GcdDkZ2JoY6PT9pPahCpKT88WmT
Possible New Discovery
SpgPXJp7yogMSfbpnXTwLIzgLI4xyE9dZo
