Possible New Discovery
Possible New Discovery
Possible New Discovery
Possible New Discovery
SpmcNhDHYJBO80c6qgotIKiNFqkVQ5y4xt
SpRMi4AivEaSH6KxPYdnOag8qu9QbpX8xU
Possible New Discovery
Possible New Discovery
Possible New Discovery
SpC5xGdIMVvcAhddTgleAyZxrrCLOIMBl2
Possible New Discovery
Possible New Discovery
Possible New Discovery
SpqylK81dMxDhGg8yo79ZUF5wApK8UoZc3
Possible New Discovery
Sp0FgAQDoiZKHcXw3JxeetxjtSgB6cL05u
Possible New Discovery
Possible New Discovery
Possible New Discovery
Possible New Discovery
SpU1fBILAjNtwljgLEvDcD1E62PxtCXEkL
Possible New Discovery
Possible New Discovery
Possible New Discovery
Sp0FgAQDoiZKHcXw3JxeetxjtSgB6cL05u
SpU1fBILAjNtwljgLEvDcD1E62PxtCXEkL
Possible New Discovery
SpkLWNR26qVKwvg2hblvm2HB5IwBrlBUsy
Possible New Discovery
Possible New Discovery
