Possible New Discovery
Spprf4D9DH4mQookpA8gMl3CBO5ih4kzWg
Possible New Discovery
SpqzmXEOKO2Cl04wdZOApVwKRYwtyiC6YE
Possible New Discovery
Possible New Discovery
Sp8Dmtan1i2SKooYcJWmC7rPFmwr6CySaG
Possible New Discovery
Possible New Discovery
Possible New Discovery
Possible New Discovery
Possible New Discovery
Possible New Discovery
Possible New Discovery
Possible New Discovery
Possible New Discovery
Possible New Discovery
Possible New Discovery
Possible New Discovery
SpF5CeEXo2arYqWlQqmHVeV7QPsLsWkb2S
Possible New Discovery
Possible New Discovery
SpakogpMcN5hrXfq58FkP6dKJLRb4w3CJJ
Possible New Discovery
Possible New Discovery
Possible New Discovery
Possible New Discovery
Possible New Discovery
Possible New Discovery
Possible New Discovery
Possible New Discovery
SpF5CeEXo2arYqWlQqmHVeV7QPsLsWkb2S
Possible New Discovery
SplWternEDh6KOJoxFDuLpuVNtvVuHCwrN
Possible New Discovery
Possible New Discovery
Possible New Discovery
Possible New Discovery
Spc7ltGKYS5Q5CbhFWc3qVCEDNNrXE1nBw
Possible New Discovery
Possible New Discovery
Possible New Discovery
Possible New Discovery
Possible New Discovery
Possible New Discovery
Possible New Discovery
Possible New Discovery
Possible New Discovery
Possible New Discovery
Possible New Discovery
