Ankylosaurus
Stegosaurus
Diplodocus
Possible New Discovery
