SpBygbxmMH4UPh5Hbud5rJ0r2E48TaFnH6
SpUci0dGwJPqqOL0hfRWq5EJ0vjM6UbEYD
Possible New Discovery
Possible New Discovery
Possible New Discovery
Possible New Discovery
Possible New Discovery
Sp6ZsVTBnqgzgnxwKdSWUEIayB5quS9GCl
SpUci0dGwJPqqOL0hfRWq5EJ0vjM6UbEYD
SpBygbxmMH4UPh5Hbud5rJ0r2E48TaFnH6
Possible New Discovery
Possible New Discovery
Possible New Discovery
Possible New Discovery
SpBygbxmMH4UPh5Hbud5rJ0r2E48TaFnH6
Sp6ZsVTBnqgzgnxwKdSWUEIayB5quS9GCl
SpBygbxmMH4UPh5Hbud5rJ0r2E48TaFnH6
Possible New Discovery
Possible New Discovery
Possible New Discovery
Possible New Discovery
SpBygbxmMH4UPh5Hbud5rJ0r2E48TaFnH6
SpUci0dGwJPqqOL0hfRWq5EJ0vjM6UbEYD
Possible New Discovery
SpBygbxmMH4UPh5Hbud5rJ0r2E48TaFnH6
SpUci0dGwJPqqOL0hfRWq5EJ0vjM6UbEYD
Possible New Discovery
SpBygbxmMH4UPh5Hbud5rJ0r2E48TaFnH6
Possible New Discovery
Possible New Discovery
SpBygbxmMH4UPh5Hbud5rJ0r2E48TaFnH6
SpBygbxmMH4UPh5Hbud5rJ0r2E48TaFnH6
Possible New Discovery
SpBygbxmMH4UPh5Hbud5rJ0r2E48TaFnH6
SpBygbxmMH4UPh5Hbud5rJ0r2E48TaFnH6
Possible New Discovery
Possible New Discovery
SpBygbxmMH4UPh5Hbud5rJ0r2E48TaFnH6
SpUci0dGwJPqqOL0hfRWq5EJ0vjM6UbEYD
SpBygbxmMH4UPh5Hbud5rJ0r2E48TaFnH6
SpBygbxmMH4UPh5Hbud5rJ0r2E48TaFnH6
Possible New Discovery
SpUci0dGwJPqqOL0hfRWq5EJ0vjM6UbEYD
SpBygbxmMH4UPh5Hbud5rJ0r2E48TaFnH6
SpUci0dGwJPqqOL0hfRWq5EJ0vjM6UbEYD
Possible New Discovery
SpUci0dGwJPqqOL0hfRWq5EJ0vjM6UbEYD
Possible New Discovery
SpBygbxmMH4UPh5Hbud5rJ0r2E48TaFnH6
SpBygbxmMH4UPh5Hbud5rJ0r2E48TaFnH6
Possible New Discovery
Possible New Discovery
SpBygbxmMH4UPh5Hbud5rJ0r2E48TaFnH6
SpBygbxmMH4UPh5Hbud5rJ0r2E48TaFnH6
SpBygbxmMH4UPh5Hbud5rJ0r2E48TaFnH6
SpWDdSxA2KDd5Ep80UQ9oIJXXl9GyPtTRM
SpUci0dGwJPqqOL0hfRWq5EJ0vjM6UbEYD
SpBygbxmMH4UPh5Hbud5rJ0r2E48TaFnH6
SpBygbxmMH4UPh5Hbud5rJ0r2E48TaFnH6
SpBygbxmMH4UPh5Hbud5rJ0r2E48TaFnH6
Possible New Discovery
SpUci0dGwJPqqOL0hfRWq5EJ0vjM6UbEYD
SpUci0dGwJPqqOL0hfRWq5EJ0vjM6UbEYD
Possible New Discovery
SpUci0dGwJPqqOL0hfRWq5EJ0vjM6UbEYD
SpzyDqzX6uIDub7SXkx1SDdHXGaTIgmDAR
Possible New Discovery
Possible New Discovery
SpBygbxmMH4UPh5Hbud5rJ0r2E48TaFnH6
SpBygbxmMH4UPh5Hbud5rJ0r2E48TaFnH6
SpBygbxmMH4UPh5Hbud5rJ0r2E48TaFnH6
SpjvWFKq6y9ISJtrNWfEMMR7095pOPS1xp
Possible New Discovery
SpBygbxmMH4UPh5Hbud5rJ0r2E48TaFnH6
SpUci0dGwJPqqOL0hfRWq5EJ0vjM6UbEYD
SpBygbxmMH4UPh5Hbud5rJ0r2E48TaFnH6
SpBygbxmMH4UPh5Hbud5rJ0r2E48TaFnH6
SpBygbxmMH4UPh5Hbud5rJ0r2E48TaFnH6
SpUci0dGwJPqqOL0hfRWq5EJ0vjM6UbEYD
Possible New Discovery
Sp6ZsVTBnqgzgnxwKdSWUEIayB5quS9GCl
SpzyDqzX6uIDub7SXkx1SDdHXGaTIgmDAR
SpBygbxmMH4UPh5Hbud5rJ0r2E48TaFnH6
Possible New Discovery
Possible New Discovery
Possible New Discovery
Possible New Discovery
SpBygbxmMH4UPh5Hbud5rJ0r2E48TaFnH6
Possible New Discovery
SpBygbxmMH4UPh5Hbud5rJ0r2E48TaFnH6
Possible New Discovery
Possible New Discovery
Possible New Discovery
Sp6ZsVTBnqgzgnxwKdSWUEIayB5quS9GCl
Possible New Discovery
SpBygbxmMH4UPh5Hbud5rJ0r2E48TaFnH6
SpUci0dGwJPqqOL0hfRWq5EJ0vjM6UbEYD
SpUci0dGwJPqqOL0hfRWq5EJ0vjM6UbEYD
Possible New Discovery
Sp6ZsVTBnqgzgnxwKdSWUEIayB5quS9GCl
SpBygbxmMH4UPh5Hbud5rJ0r2E48TaFnH6
SpBygbxmMH4UPh5Hbud5rJ0r2E48TaFnH6
SpBygbxmMH4UPh5Hbud5rJ0r2E48TaFnH6
SpBygbxmMH4UPh5Hbud5rJ0r2E48TaFnH6
SpBygbxmMH4UPh5Hbud5rJ0r2E48TaFnH6
SpBygbxmMH4UPh5Hbud5rJ0r2E48TaFnH6
SpBygbxmMH4UPh5Hbud5rJ0r2E48TaFnH6
SpBygbxmMH4UPh5Hbud5rJ0r2E48TaFnH6
Possible New Discovery
SpBygbxmMH4UPh5Hbud5rJ0r2E48TaFnH6
SpBygbxmMH4UPh5Hbud5rJ0r2E48TaFnH6
SpBygbxmMH4UPh5Hbud5rJ0r2E48TaFnH6
Possible New Discovery
Sp6ZsVTBnqgzgnxwKdSWUEIayB5quS9GCl
Possible New Discovery
Possible New Discovery
Possible New Discovery
Possible New Discovery
Possible New Discovery
SpBygbxmMH4UPh5Hbud5rJ0r2E48TaFnH6
SpBygbxmMH4UPh5Hbud5rJ0r2E48TaFnH6
Possible New Discovery
Possible New Discovery
SpBygbxmMH4UPh5Hbud5rJ0r2E48TaFnH6
SpUci0dGwJPqqOL0hfRWq5EJ0vjM6UbEYD
Possible New Discovery
Possible New Discovery
Possible New Discovery
SpUci0dGwJPqqOL0hfRWq5EJ0vjM6UbEYD
SpBygbxmMH4UPh5Hbud5rJ0r2E48TaFnH6
SpUci0dGwJPqqOL0hfRWq5EJ0vjM6UbEYD
SpBygbxmMH4UPh5Hbud5rJ0r2E48TaFnH6
SpBygbxmMH4UPh5Hbud5rJ0r2E48TaFnH6
SpUci0dGwJPqqOL0hfRWq5EJ0vjM6UbEYD
SpBygbxmMH4UPh5Hbud5rJ0r2E48TaFnH6
Possible New Discovery
SpzyDqzX6uIDub7SXkx1SDdHXGaTIgmDAR
SpzyDqzX6uIDub7SXkx1SDdHXGaTIgmDAR
SpBygbxmMH4UPh5Hbud5rJ0r2E48TaFnH6
SpUci0dGwJPqqOL0hfRWq5EJ0vjM6UbEYD
Possible New Discovery
SpUci0dGwJPqqOL0hfRWq5EJ0vjM6UbEYD
SpBygbxmMH4UPh5Hbud5rJ0r2E48TaFnH6
SpBygbxmMH4UPh5Hbud5rJ0r2E48TaFnH6
Possible New Discovery
SpUci0dGwJPqqOL0hfRWq5EJ0vjM6UbEYD
Sp6ZsVTBnqgzgnxwKdSWUEIayB5quS9GCl
SpBygbxmMH4UPh5Hbud5rJ0r2E48TaFnH6
SpBygbxmMH4UPh5Hbud5rJ0r2E48TaFnH6
SpBygbxmMH4UPh5Hbud5rJ0r2E48TaFnH6
SpUci0dGwJPqqOL0hfRWq5EJ0vjM6UbEYD
SpBygbxmMH4UPh5Hbud5rJ0r2E48TaFnH6
Possible New Discovery
Sp6ZsVTBnqgzgnxwKdSWUEIayB5quS9GCl
SpBygbxmMH4UPh5Hbud5rJ0r2E48TaFnH6
SpBygbxmMH4UPh5Hbud5rJ0r2E48TaFnH6
SpBygbxmMH4UPh5Hbud5rJ0r2E48TaFnH6
Possible New Discovery
Possible New Discovery
SpUci0dGwJPqqOL0hfRWq5EJ0vjM6UbEYD
SpBygbxmMH4UPh5Hbud5rJ0r2E48TaFnH6
SpUci0dGwJPqqOL0hfRWq5EJ0vjM6UbEYD
SpBygbxmMH4UPh5Hbud5rJ0r2E48TaFnH6
SpBygbxmMH4UPh5Hbud5rJ0r2E48TaFnH6
SpBygbxmMH4UPh5Hbud5rJ0r2E48TaFnH6
Possible New Discovery
SpzyDqzX6uIDub7SXkx1SDdHXGaTIgmDAR
Possible New Discovery
Sp6ZsVTBnqgzgnxwKdSWUEIayB5quS9GCl
SpBygbxmMH4UPh5Hbud5rJ0r2E48TaFnH6
Possible New Discovery
Possible New Discovery
SpUci0dGwJPqqOL0hfRWq5EJ0vjM6UbEYD
SpBygbxmMH4UPh5Hbud5rJ0r2E48TaFnH6
SpBygbxmMH4UPh5Hbud5rJ0r2E48TaFnH6
SpBygbxmMH4UPh5Hbud5rJ0r2E48TaFnH6
Possible New Discovery
SpBygbxmMH4UPh5Hbud5rJ0r2E48TaFnH6
SpBygbxmMH4UPh5Hbud5rJ0r2E48TaFnH6
SpBygbxmMH4UPh5Hbud5rJ0r2E48TaFnH6
Possible New Discovery
Possible New Discovery
SpBygbxmMH4UPh5Hbud5rJ0r2E48TaFnH6
SpBygbxmMH4UPh5Hbud5rJ0r2E48TaFnH6
SpBygbxmMH4UPh5Hbud5rJ0r2E48TaFnH6
Possible New Discovery
SpBygbxmMH4UPh5Hbud5rJ0r2E48TaFnH6
Sp6ZsVTBnqgzgnxwKdSWUEIayB5quS9GCl
SpUci0dGwJPqqOL0hfRWq5EJ0vjM6UbEYD
SpUci0dGwJPqqOL0hfRWq5EJ0vjM6UbEYD
SpBygbxmMH4UPh5Hbud5rJ0r2E48TaFnH6
Possible New Discovery
SpBygbxmMH4UPh5Hbud5rJ0r2E48TaFnH6
SpzyDqzX6uIDub7SXkx1SDdHXGaTIgmDAR
SpUci0dGwJPqqOL0hfRWq5EJ0vjM6UbEYD
SpUci0dGwJPqqOL0hfRWq5EJ0vjM6UbEYD
SpBygbxmMH4UPh5Hbud5rJ0r2E48TaFnH6
Possible New Discovery
SpBygbxmMH4UPh5Hbud5rJ0r2E48TaFnH6
SpUci0dGwJPqqOL0hfRWq5EJ0vjM6UbEYD
SpBygbxmMH4UPh5Hbud5rJ0r2E48TaFnH6
SpBygbxmMH4UPh5Hbud5rJ0r2E48TaFnH6
SpBygbxmMH4UPh5Hbud5rJ0r2E48TaFnH6
SpWDdSxA2KDd5Ep80UQ9oIJXXl9GyPtTRM
SpBygbxmMH4UPh5Hbud5rJ0r2E48TaFnH6
Possible New Discovery
Sp6ZsVTBnqgzgnxwKdSWUEIayB5quS9GCl
Possible New Discovery
Possible New Discovery
Possible New Discovery
SpBygbxmMH4UPh5Hbud5rJ0r2E48TaFnH6
Possible New Discovery
SpBygbxmMH4UPh5Hbud5rJ0r2E48TaFnH6
SpBygbxmMH4UPh5Hbud5rJ0r2E48TaFnH6
SpBygbxmMH4UPh5Hbud5rJ0r2E48TaFnH6
SpBygbxmMH4UPh5Hbud5rJ0r2E48TaFnH6
SpUci0dGwJPqqOL0hfRWq5EJ0vjM6UbEYD
Sp6ZsVTBnqgzgnxwKdSWUEIayB5quS9GCl
Possible New Discovery
Sp6ZsVTBnqgzgnxwKdSWUEIayB5quS9GCl
SpBygbxmMH4UPh5Hbud5rJ0r2E48TaFnH6
Possible New Discovery
SpBygbxmMH4UPh5Hbud5rJ0r2E48TaFnH6
SpBygbxmMH4UPh5Hbud5rJ0r2E48TaFnH6
SpBygbxmMH4UPh5Hbud5rJ0r2E48TaFnH6
Possible New Discovery
Possible New Discovery
SpUci0dGwJPqqOL0hfRWq5EJ0vjM6UbEYD
SpBygbxmMH4UPh5Hbud5rJ0r2E48TaFnH6
Possible New Discovery
SpBygbxmMH4UPh5Hbud5rJ0r2E48TaFnH6
SpUci0dGwJPqqOL0hfRWq5EJ0vjM6UbEYD
SpBygbxmMH4UPh5Hbud5rJ0r2E48TaFnH6
Possible New Discovery
SpBygbxmMH4UPh5Hbud5rJ0r2E48TaFnH6
SpBygbxmMH4UPh5Hbud5rJ0r2E48TaFnH6
SpBygbxmMH4UPh5Hbud5rJ0r2E48TaFnH6
Possible New Discovery
SpzyDqzX6uIDub7SXkx1SDdHXGaTIgmDAR
SpBygbxmMH4UPh5Hbud5rJ0r2E48TaFnH6
Possible New Discovery
SpoViLSlPTv2SS9nrZa5OFePEydHUzm16D
SpUci0dGwJPqqOL0hfRWq5EJ0vjM6UbEYD
SpUci0dGwJPqqOL0hfRWq5EJ0vjM6UbEYD
Possible New Discovery
SpUci0dGwJPqqOL0hfRWq5EJ0vjM6UbEYD
SpBygbxmMH4UPh5Hbud5rJ0r2E48TaFnH6
Possible New Discovery
Possible New Discovery
SpzyDqzX6uIDub7SXkx1SDdHXGaTIgmDAR
Possible New Discovery
Possible New Discovery
Possible New Discovery
Possible New Discovery
Sp6ZsVTBnqgzgnxwKdSWUEIayB5quS9GCl
SpBygbxmMH4UPh5Hbud5rJ0r2E48TaFnH6
SpBygbxmMH4UPh5Hbud5rJ0r2E48TaFnH6
Sp6ZsVTBnqgzgnxwKdSWUEIayB5quS9GCl
SpBygbxmMH4UPh5Hbud5rJ0r2E48TaFnH6
SpBygbxmMH4UPh5Hbud5rJ0r2E48TaFnH6
Possible New Discovery
Possible New Discovery
SpUci0dGwJPqqOL0hfRWq5EJ0vjM6UbEYD
SpUci0dGwJPqqOL0hfRWq5EJ0vjM6UbEYD
SpBygbxmMH4UPh5Hbud5rJ0r2E48TaFnH6
Possible New Discovery
SpzyDqzX6uIDub7SXkx1SDdHXGaTIgmDAR
SpUci0dGwJPqqOL0hfRWq5EJ0vjM6UbEYD
SpBygbxmMH4UPh5Hbud5rJ0r2E48TaFnH6
SpBygbxmMH4UPh5Hbud5rJ0r2E48TaFnH6
SpBygbxmMH4UPh5Hbud5rJ0r2E48TaFnH6
SpUci0dGwJPqqOL0hfRWq5EJ0vjM6UbEYD
Possible New Discovery
Sp6ZsVTBnqgzgnxwKdSWUEIayB5quS9GCl
SpBygbxmMH4UPh5Hbud5rJ0r2E48TaFnH6
Possible New Discovery
SpBygbxmMH4UPh5Hbud5rJ0r2E48TaFnH6
SpUci0dGwJPqqOL0hfRWq5EJ0vjM6UbEYD
SpBygbxmMH4UPh5Hbud5rJ0r2E48TaFnH6
Possible New Discovery
Possible New Discovery
SpzyDqzX6uIDub7SXkx1SDdHXGaTIgmDAR
SpUci0dGwJPqqOL0hfRWq5EJ0vjM6UbEYD
SpBygbxmMH4UPh5Hbud5rJ0r2E48TaFnH6
SpBygbxmMH4UPh5Hbud5rJ0r2E48TaFnH6
SpBygbxmMH4UPh5Hbud5rJ0r2E48TaFnH6
SpUci0dGwJPqqOL0hfRWq5EJ0vjM6UbEYD
SpoViLSlPTv2SS9nrZa5OFePEydHUzm16D
SpBygbxmMH4UPh5Hbud5rJ0r2E48TaFnH6
Possible New Discovery
Possible New Discovery
Possible New Discovery
SpWDdSxA2KDd5Ep80UQ9oIJXXl9GyPtTRM
SpBygbxmMH4UPh5Hbud5rJ0r2E48TaFnH6
SpBygbxmMH4UPh5Hbud5rJ0r2E48TaFnH6
Possible New Discovery
SpBygbxmMH4UPh5Hbud5rJ0r2E48TaFnH6
SpUci0dGwJPqqOL0hfRWq5EJ0vjM6UbEYD
SpBygbxmMH4UPh5Hbud5rJ0r2E48TaFnH6
SpBygbxmMH4UPh5Hbud5rJ0r2E48TaFnH6
SpUci0dGwJPqqOL0hfRWq5EJ0vjM6UbEYD
Possible New Discovery
SpBygbxmMH4UPh5Hbud5rJ0r2E48TaFnH6
SpUci0dGwJPqqOL0hfRWq5EJ0vjM6UbEYD
Possible New Discovery
Possible New Discovery
Possible New Discovery
Possible New Discovery
SpBygbxmMH4UPh5Hbud5rJ0r2E48TaFnH6
SpBygbxmMH4UPh5Hbud5rJ0r2E48TaFnH6
SpUci0dGwJPqqOL0hfRWq5EJ0vjM6UbEYD
SpBygbxmMH4UPh5Hbud5rJ0r2E48TaFnH6
SpBygbxmMH4UPh5Hbud5rJ0r2E48TaFnH6
SpBygbxmMH4UPh5Hbud5rJ0r2E48TaFnH6
SpBygbxmMH4UPh5Hbud5rJ0r2E48TaFnH6
Possible New Discovery
SpBygbxmMH4UPh5Hbud5rJ0r2E48TaFnH6
SpBygbxmMH4UPh5Hbud5rJ0r2E48TaFnH6
Possible New Discovery
SpUci0dGwJPqqOL0hfRWq5EJ0vjM6UbEYD
SpBygbxmMH4UPh5Hbud5rJ0r2E48TaFnH6
Possible New Discovery
Possible New Discovery
SpBygbxmMH4UPh5Hbud5rJ0r2E48TaFnH6
SpBygbxmMH4UPh5Hbud5rJ0r2E48TaFnH6
Possible New Discovery
Possible New Discovery
Possible New Discovery
SpBygbxmMH4UPh5Hbud5rJ0r2E48TaFnH6
SpBygbxmMH4UPh5Hbud5rJ0r2E48TaFnH6
SpBygbxmMH4UPh5Hbud5rJ0r2E48TaFnH6
Sp6ZsVTBnqgzgnxwKdSWUEIayB5quS9GCl
SpUci0dGwJPqqOL0hfRWq5EJ0vjM6UbEYD
Possible New Discovery
SpUci0dGwJPqqOL0hfRWq5EJ0vjM6UbEYD
Possible New Discovery
Possible New Discovery
SpBygbxmMH4UPh5Hbud5rJ0r2E48TaFnH6
Sp6ZsVTBnqgzgnxwKdSWUEIayB5quS9GCl
SpUci0dGwJPqqOL0hfRWq5EJ0vjM6UbEYD
SpBygbxmMH4UPh5Hbud5rJ0r2E48TaFnH6
Possible New Discovery
Possible New Discovery
SpBygbxmMH4UPh5Hbud5rJ0r2E48TaFnH6
SpBygbxmMH4UPh5Hbud5rJ0r2E48TaFnH6
Possible New Discovery
SpzyDqzX6uIDub7SXkx1SDdHXGaTIgmDAR
Possible New Discovery
SpBygbxmMH4UPh5Hbud5rJ0r2E48TaFnH6
SpBygbxmMH4UPh5Hbud5rJ0r2E48TaFnH6
Possible New Discovery
SpBygbxmMH4UPh5Hbud5rJ0r2E48TaFnH6
SpUci0dGwJPqqOL0hfRWq5EJ0vjM6UbEYD
SpBygbxmMH4UPh5Hbud5rJ0r2E48TaFnH6
SpBygbxmMH4UPh5Hbud5rJ0r2E48TaFnH6
Possible New Discovery
SpBygbxmMH4UPh5Hbud5rJ0r2E48TaFnH6
SpBygbxmMH4UPh5Hbud5rJ0r2E48TaFnH6
SpBygbxmMH4UPh5Hbud5rJ0r2E48TaFnH6
Possible New Discovery
SpUci0dGwJPqqOL0hfRWq5EJ0vjM6UbEYD
Possible New Discovery
SpBygbxmMH4UPh5Hbud5rJ0r2E48TaFnH6
SpBygbxmMH4UPh5Hbud5rJ0r2E48TaFnH6
Possible New Discovery
Possible New Discovery
Possible New Discovery
SpBygbxmMH4UPh5Hbud5rJ0r2E48TaFnH6
Possible New Discovery
Possible New Discovery
Possible New Discovery
Possible New Discovery
SpBygbxmMH4UPh5Hbud5rJ0r2E48TaFnH6
SpUci0dGwJPqqOL0hfRWq5EJ0vjM6UbEYD
Possible New Discovery
SpBygbxmMH4UPh5Hbud5rJ0r2E48TaFnH6
Sp6ZsVTBnqgzgnxwKdSWUEIayB5quS9GCl
Possible New Discovery
Possible New Discovery
SpBygbxmMH4UPh5Hbud5rJ0r2E48TaFnH6
SpBygbxmMH4UPh5Hbud5rJ0r2E48TaFnH6
Possible New Discovery
SpBygbxmMH4UPh5Hbud5rJ0r2E48TaFnH6
SpBygbxmMH4UPh5Hbud5rJ0r2E48TaFnH6
SpBygbxmMH4UPh5Hbud5rJ0r2E48TaFnH6
SpBygbxmMH4UPh5Hbud5rJ0r2E48TaFnH6
SpBygbxmMH4UPh5Hbud5rJ0r2E48TaFnH6
Possible New Discovery
SpBygbxmMH4UPh5Hbud5rJ0r2E48TaFnH6
Possible New Discovery
SpBygbxmMH4UPh5Hbud5rJ0r2E48TaFnH6
Possible New Discovery
Possible New Discovery
SpBygbxmMH4UPh5Hbud5rJ0r2E48TaFnH6
Possible New Discovery
SpUci0dGwJPqqOL0hfRWq5EJ0vjM6UbEYD
Possible New Discovery
Possible New Discovery
Possible New Discovery
SpBygbxmMH4UPh5Hbud5rJ0r2E48TaFnH6
Possible New Discovery
SpBygbxmMH4UPh5Hbud5rJ0r2E48TaFnH6
SpBygbxmMH4UPh5Hbud5rJ0r2E48TaFnH6
Possible New Discovery
Possible New Discovery
Possible New Discovery
SpBygbxmMH4UPh5Hbud5rJ0r2E48TaFnH6
Possible New Discovery
Possible New Discovery
Possible New Discovery
SpBygbxmMH4UPh5Hbud5rJ0r2E48TaFnH6
SpUci0dGwJPqqOL0hfRWq5EJ0vjM6UbEYD
SpBygbxmMH4UPh5Hbud5rJ0r2E48TaFnH6
SpUci0dGwJPqqOL0hfRWq5EJ0vjM6UbEYD
Possible New Discovery
SpBygbxmMH4UPh5Hbud5rJ0r2E48TaFnH6
Sp6ZsVTBnqgzgnxwKdSWUEIayB5quS9GCl
SpBygbxmMH4UPh5Hbud5rJ0r2E48TaFnH6
SpBygbxmMH4UPh5Hbud5rJ0r2E48TaFnH6
SpBygbxmMH4UPh5Hbud5rJ0r2E48TaFnH6
Possible New Discovery
Possible New Discovery
SpBygbxmMH4UPh5Hbud5rJ0r2E48TaFnH6
SpUci0dGwJPqqOL0hfRWq5EJ0vjM6UbEYD
SpBygbxmMH4UPh5Hbud5rJ0r2E48TaFnH6
SpBygbxmMH4UPh5Hbud5rJ0r2E48TaFnH6
Possible New Discovery
SpBygbxmMH4UPh5Hbud5rJ0r2E48TaFnH6
Possible New Discovery
Possible New Discovery
Possible New Discovery
Possible New Discovery
SpUci0dGwJPqqOL0hfRWq5EJ0vjM6UbEYD
Sp6ZsVTBnqgzgnxwKdSWUEIayB5quS9GCl
SpUci0dGwJPqqOL0hfRWq5EJ0vjM6UbEYD
SpUci0dGwJPqqOL0hfRWq5EJ0vjM6UbEYD
SpUci0dGwJPqqOL0hfRWq5EJ0vjM6UbEYD
SpBygbxmMH4UPh5Hbud5rJ0r2E48TaFnH6
Possible New Discovery
SpBygbxmMH4UPh5Hbud5rJ0r2E48TaFnH6
SpBygbxmMH4UPh5Hbud5rJ0r2E48TaFnH6
SpBygbxmMH4UPh5Hbud5rJ0r2E48TaFnH6
Possible New Discovery
SpBygbxmMH4UPh5Hbud5rJ0r2E48TaFnH6
SpBygbxmMH4UPh5Hbud5rJ0r2E48TaFnH6
Possible New Discovery
SpBygbxmMH4UPh5Hbud5rJ0r2E48TaFnH6
SpBygbxmMH4UPh5Hbud5rJ0r2E48TaFnH6
Possible New Discovery
SpBygbxmMH4UPh5Hbud5rJ0r2E48TaFnH6
Sp6ZsVTBnqgzgnxwKdSWUEIayB5quS9GCl
Possible New Discovery
SpBygbxmMH4UPh5Hbud5rJ0r2E48TaFnH6
Possible New Discovery
Sp6ZsVTBnqgzgnxwKdSWUEIayB5quS9GCl
Possible New Discovery
SpBygbxmMH4UPh5Hbud5rJ0r2E48TaFnH6
Possible New Discovery
SpUci0dGwJPqqOL0hfRWq5EJ0vjM6UbEYD
Possible New Discovery
SpUci0dGwJPqqOL0hfRWq5EJ0vjM6UbEYD
SpBygbxmMH4UPh5Hbud5rJ0r2E48TaFnH6
Possible New Discovery
Possible New Discovery
SpWDdSxA2KDd5Ep80UQ9oIJXXl9GyPtTRM
SpBygbxmMH4UPh5Hbud5rJ0r2E48TaFnH6
SpUci0dGwJPqqOL0hfRWq5EJ0vjM6UbEYD
SpBygbxmMH4UPh5Hbud5rJ0r2E48TaFnH6
Possible New Discovery
Possible New Discovery
Possible New Discovery
SpUci0dGwJPqqOL0hfRWq5EJ0vjM6UbEYD
Possible New Discovery
SpBygbxmMH4UPh5Hbud5rJ0r2E48TaFnH6
Possible New Discovery
SpUci0dGwJPqqOL0hfRWq5EJ0vjM6UbEYD
Possible New Discovery
Sp6ZsVTBnqgzgnxwKdSWUEIayB5quS9GCl
SpBygbxmMH4UPh5Hbud5rJ0r2E48TaFnH6
SpBygbxmMH4UPh5Hbud5rJ0r2E48TaFnH6
SpBygbxmMH4UPh5Hbud5rJ0r2E48TaFnH6
SpUci0dGwJPqqOL0hfRWq5EJ0vjM6UbEYD
Possible New Discovery
Possible New Discovery
Possible New Discovery
SpzyDqzX6uIDub7SXkx1SDdHXGaTIgmDAR
SpUci0dGwJPqqOL0hfRWq5EJ0vjM6UbEYD
Possible New Discovery
Possible New Discovery
SpBygbxmMH4UPh5Hbud5rJ0r2E48TaFnH6
Possible New Discovery
SpUci0dGwJPqqOL0hfRWq5EJ0vjM6UbEYD
SpBygbxmMH4UPh5Hbud5rJ0r2E48TaFnH6
Possible New Discovery
Possible New Discovery
SpBygbxmMH4UPh5Hbud5rJ0r2E48TaFnH6
SpUci0dGwJPqqOL0hfRWq5EJ0vjM6UbEYD
SpUci0dGwJPqqOL0hfRWq5EJ0vjM6UbEYD
SpBygbxmMH4UPh5Hbud5rJ0r2E48TaFnH6
SpBygbxmMH4UPh5Hbud5rJ0r2E48TaFnH6
SpBygbxmMH4UPh5Hbud5rJ0r2E48TaFnH6
SpUci0dGwJPqqOL0hfRWq5EJ0vjM6UbEYD
Possible New Discovery
SpjvWFKq6y9ISJtrNWfEMMR7095pOPS1xp
SpBygbxmMH4UPh5Hbud5rJ0r2E48TaFnH6
Possible New Discovery
SpUci0dGwJPqqOL0hfRWq5EJ0vjM6UbEYD
Possible New Discovery
SpBygbxmMH4UPh5Hbud5rJ0r2E48TaFnH6
SpBygbxmMH4UPh5Hbud5rJ0r2E48TaFnH6
Possible New Discovery
SpUci0dGwJPqqOL0hfRWq5EJ0vjM6UbEYD
SpBygbxmMH4UPh5Hbud5rJ0r2E48TaFnH6
SpBygbxmMH4UPh5Hbud5rJ0r2E48TaFnH6
Possible New Discovery
Possible New Discovery
SpBygbxmMH4UPh5Hbud5rJ0r2E48TaFnH6
Possible New Discovery
SpBygbxmMH4UPh5Hbud5rJ0r2E48TaFnH6
Possible New Discovery
Possible New Discovery
SpBygbxmMH4UPh5Hbud5rJ0r2E48TaFnH6
SpBygbxmMH4UPh5Hbud5rJ0r2E48TaFnH6
SpBygbxmMH4UPh5Hbud5rJ0r2E48TaFnH6
Possible New Discovery
SpBygbxmMH4UPh5Hbud5rJ0r2E48TaFnH6
SpBygbxmMH4UPh5Hbud5rJ0r2E48TaFnH6
Possible New Discovery
SpBygbxmMH4UPh5Hbud5rJ0r2E48TaFnH6
SpBygbxmMH4UPh5Hbud5rJ0r2E48TaFnH6
Sp6ZsVTBnqgzgnxwKdSWUEIayB5quS9GCl
Sp6ZsVTBnqgzgnxwKdSWUEIayB5quS9GCl
Sp6ZsVTBnqgzgnxwKdSWUEIayB5quS9GCl
Possible New Discovery
SpUci0dGwJPqqOL0hfRWq5EJ0vjM6UbEYD
SpUci0dGwJPqqOL0hfRWq5EJ0vjM6UbEYD
Possible New Discovery
Possible New Discovery
Sp6ZsVTBnqgzgnxwKdSWUEIayB5quS9GCl
SpBygbxmMH4UPh5Hbud5rJ0r2E48TaFnH6
SpBygbxmMH4UPh5Hbud5rJ0r2E48TaFnH6
Possible New Discovery
SpBygbxmMH4UPh5Hbud5rJ0r2E48TaFnH6
Possible New Discovery
Possible New Discovery
SpzyDqzX6uIDub7SXkx1SDdHXGaTIgmDAR
Possible New Discovery
Sp6ZsVTBnqgzgnxwKdSWUEIayB5quS9GCl
Possible New Discovery
SpBygbxmMH4UPh5Hbud5rJ0r2E48TaFnH6
Possible New Discovery
SpUci0dGwJPqqOL0hfRWq5EJ0vjM6UbEYD
Possible New Discovery
SpBygbxmMH4UPh5Hbud5rJ0r2E48TaFnH6
SpzyDqzX6uIDub7SXkx1SDdHXGaTIgmDAR
Possible New Discovery
Possible New Discovery
SpBygbxmMH4UPh5Hbud5rJ0r2E48TaFnH6
SpUci0dGwJPqqOL0hfRWq5EJ0vjM6UbEYD
Possible New Discovery
SpBygbxmMH4UPh5Hbud5rJ0r2E48TaFnH6
SpWDdSxA2KDd5Ep80UQ9oIJXXl9GyPtTRM
SpBygbxmMH4UPh5Hbud5rJ0r2E48TaFnH6
Possible New Discovery
SpUci0dGwJPqqOL0hfRWq5EJ0vjM6UbEYD
Possible New Discovery
SpBygbxmMH4UPh5Hbud5rJ0r2E48TaFnH6
SpUci0dGwJPqqOL0hfRWq5EJ0vjM6UbEYD
SpUci0dGwJPqqOL0hfRWq5EJ0vjM6UbEYD
Possible New Discovery
Possible New Discovery
Possible New Discovery
Possible New Discovery
Possible New Discovery
SpBygbxmMH4UPh5Hbud5rJ0r2E48TaFnH6
Possible New Discovery
SpUci0dGwJPqqOL0hfRWq5EJ0vjM6UbEYD
Possible New Discovery
SpBygbxmMH4UPh5Hbud5rJ0r2E48TaFnH6
Sp6ZsVTBnqgzgnxwKdSWUEIayB5quS9GCl
Possible New Discovery
Possible New Discovery
SpBygbxmMH4UPh5Hbud5rJ0r2E48TaFnH6
SpBygbxmMH4UPh5Hbud5rJ0r2E48TaFnH6
SpBygbxmMH4UPh5Hbud5rJ0r2E48TaFnH6
Possible New Discovery
SpBygbxmMH4UPh5Hbud5rJ0r2E48TaFnH6
SpBygbxmMH4UPh5Hbud5rJ0r2E48TaFnH6
Possible New Discovery
SpBygbxmMH4UPh5Hbud5rJ0r2E48TaFnH6
SpoViLSlPTv2SS9nrZa5OFePEydHUzm16D
Possible New Discovery
SpBygbxmMH4UPh5Hbud5rJ0r2E48TaFnH6
SpBygbxmMH4UPh5Hbud5rJ0r2E48TaFnH6
SpzyDqzX6uIDub7SXkx1SDdHXGaTIgmDAR
SpzyDqzX6uIDub7SXkx1SDdHXGaTIgmDAR
Possible New Discovery
SpBygbxmMH4UPh5Hbud5rJ0r2E48TaFnH6
Possible New Discovery
SpzyDqzX6uIDub7SXkx1SDdHXGaTIgmDAR
SpBygbxmMH4UPh5Hbud5rJ0r2E48TaFnH6
SpBygbxmMH4UPh5Hbud5rJ0r2E48TaFnH6
SpBygbxmMH4UPh5Hbud5rJ0r2E48TaFnH6
SpUci0dGwJPqqOL0hfRWq5EJ0vjM6UbEYD
SpBygbxmMH4UPh5Hbud5rJ0r2E48TaFnH6
SpUci0dGwJPqqOL0hfRWq5EJ0vjM6UbEYD
SpBygbxmMH4UPh5Hbud5rJ0r2E48TaFnH6
Possible New Discovery
SpBygbxmMH4UPh5Hbud5rJ0r2E48TaFnH6
Possible New Discovery
SpBygbxmMH4UPh5Hbud5rJ0r2E48TaFnH6
SpzyDqzX6uIDub7SXkx1SDdHXGaTIgmDAR
Possible New Discovery
SpBygbxmMH4UPh5Hbud5rJ0r2E48TaFnH6
SpzyDqzX6uIDub7SXkx1SDdHXGaTIgmDAR
SpjvWFKq6y9ISJtrNWfEMMR7095pOPS1xp
SpBygbxmMH4UPh5Hbud5rJ0r2E48TaFnH6
Sp6ZsVTBnqgzgnxwKdSWUEIayB5quS9GCl
Possible New Discovery
Possible New Discovery
SpBygbxmMH4UPh5Hbud5rJ0r2E48TaFnH6
SpUci0dGwJPqqOL0hfRWq5EJ0vjM6UbEYD
SpUci0dGwJPqqOL0hfRWq5EJ0vjM6UbEYD
Possible New Discovery
Possible New Discovery
SpBygbxmMH4UPh5Hbud5rJ0r2E48TaFnH6
SpUci0dGwJPqqOL0hfRWq5EJ0vjM6UbEYD
Possible New Discovery
SpBygbxmMH4UPh5Hbud5rJ0r2E48TaFnH6
Possible New Discovery
Possible New Discovery
SpBygbxmMH4UPh5Hbud5rJ0r2E48TaFnH6
SpBygbxmMH4UPh5Hbud5rJ0r2E48TaFnH6
SpzyDqzX6uIDub7SXkx1SDdHXGaTIgmDAR
Possible New Discovery
Possible New Discovery
SpBygbxmMH4UPh5Hbud5rJ0r2E48TaFnH6
SpBygbxmMH4UPh5Hbud5rJ0r2E48TaFnH6
Possible New Discovery
SpBygbxmMH4UPh5Hbud5rJ0r2E48TaFnH6
Possible New Discovery
SpBygbxmMH4UPh5Hbud5rJ0r2E48TaFnH6
SpBygbxmMH4UPh5Hbud5rJ0r2E48TaFnH6
SpUci0dGwJPqqOL0hfRWq5EJ0vjM6UbEYD
SpBygbxmMH4UPh5Hbud5rJ0r2E48TaFnH6
SpUci0dGwJPqqOL0hfRWq5EJ0vjM6UbEYD
SpBygbxmMH4UPh5Hbud5rJ0r2E48TaFnH6
SpBygbxmMH4UPh5Hbud5rJ0r2E48TaFnH6
Possible New Discovery
SpUci0dGwJPqqOL0hfRWq5EJ0vjM6UbEYD
SpBygbxmMH4UPh5Hbud5rJ0r2E48TaFnH6
SpBygbxmMH4UPh5Hbud5rJ0r2E48TaFnH6
SpzyDqzX6uIDub7SXkx1SDdHXGaTIgmDAR
SpBygbxmMH4UPh5Hbud5rJ0r2E48TaFnH6
SpBygbxmMH4UPh5Hbud5rJ0r2E48TaFnH6
SpBygbxmMH4UPh5Hbud5rJ0r2E48TaFnH6
SpBygbxmMH4UPh5Hbud5rJ0r2E48TaFnH6
SpBygbxmMH4UPh5Hbud5rJ0r2E48TaFnH6
SpzyDqzX6uIDub7SXkx1SDdHXGaTIgmDAR
Possible New Discovery
SpBygbxmMH4UPh5Hbud5rJ0r2E48TaFnH6
Possible New Discovery
SpzyDqzX6uIDub7SXkx1SDdHXGaTIgmDAR
SpBygbxmMH4UPh5Hbud5rJ0r2E48TaFnH6
Possible New Discovery
SpBygbxmMH4UPh5Hbud5rJ0r2E48TaFnH6
SpBygbxmMH4UPh5Hbud5rJ0r2E48TaFnH6
SpBygbxmMH4UPh5Hbud5rJ0r2E48TaFnH6
SpBygbxmMH4UPh5Hbud5rJ0r2E48TaFnH6
SpBygbxmMH4UPh5Hbud5rJ0r2E48TaFnH6
SpBygbxmMH4UPh5Hbud5rJ0r2E48TaFnH6
SpBygbxmMH4UPh5Hbud5rJ0r2E48TaFnH6
SpBygbxmMH4UPh5Hbud5rJ0r2E48TaFnH6
SpBygbxmMH4UPh5Hbud5rJ0r2E48TaFnH6
SpUci0dGwJPqqOL0hfRWq5EJ0vjM6UbEYD
Possible New Discovery
SpBygbxmMH4UPh5Hbud5rJ0r2E48TaFnH6
SpBygbxmMH4UPh5Hbud5rJ0r2E48TaFnH6
Possible New Discovery
Possible New Discovery
Sp6ZsVTBnqgzgnxwKdSWUEIayB5quS9GCl
Possible New Discovery
Possible New Discovery
SpUci0dGwJPqqOL0hfRWq5EJ0vjM6UbEYD
Sp6ZsVTBnqgzgnxwKdSWUEIayB5quS9GCl
Sp6ZsVTBnqgzgnxwKdSWUEIayB5quS9GCl
Possible New Discovery
SpBygbxmMH4UPh5Hbud5rJ0r2E48TaFnH6
SpBygbxmMH4UPh5Hbud5rJ0r2E48TaFnH6
SpWDdSxA2KDd5Ep80UQ9oIJXXl9GyPtTRM
SpBygbxmMH4UPh5Hbud5rJ0r2E48TaFnH6
SpUci0dGwJPqqOL0hfRWq5EJ0vjM6UbEYD
Possible New Discovery
SpBygbxmMH4UPh5Hbud5rJ0r2E48TaFnH6
SpBygbxmMH4UPh5Hbud5rJ0r2E48TaFnH6
SpBygbxmMH4UPh5Hbud5rJ0r2E48TaFnH6
SpUci0dGwJPqqOL0hfRWq5EJ0vjM6UbEYD
SpBygbxmMH4UPh5Hbud5rJ0r2E48TaFnH6
SpUci0dGwJPqqOL0hfRWq5EJ0vjM6UbEYD
Sp6ZsVTBnqgzgnxwKdSWUEIayB5quS9GCl
Possible New Discovery
SpBygbxmMH4UPh5Hbud5rJ0r2E48TaFnH6
SpBygbxmMH4UPh5Hbud5rJ0r2E48TaFnH6
Possible New Discovery
SpjvWFKq6y9ISJtrNWfEMMR7095pOPS1xp
Possible New Discovery
Possible New Discovery
SpUci0dGwJPqqOL0hfRWq5EJ0vjM6UbEYD
Possible New Discovery
SpBygbxmMH4UPh5Hbud5rJ0r2E48TaFnH6
SpBygbxmMH4UPh5Hbud5rJ0r2E48TaFnH6
SpUci0dGwJPqqOL0hfRWq5EJ0vjM6UbEYD
Possible New Discovery
Possible New Discovery
Possible New Discovery
SpBygbxmMH4UPh5Hbud5rJ0r2E48TaFnH6
SpUci0dGwJPqqOL0hfRWq5EJ0vjM6UbEYD
Sp6ZsVTBnqgzgnxwKdSWUEIayB5quS9GCl
SpBygbxmMH4UPh5Hbud5rJ0r2E48TaFnH6
Possible New Discovery
SpBygbxmMH4UPh5Hbud5rJ0r2E48TaFnH6
SpBygbxmMH4UPh5Hbud5rJ0r2E48TaFnH6
SpBygbxmMH4UPh5Hbud5rJ0r2E48TaFnH6
Possible New Discovery
Possible New Discovery
SpBygbxmMH4UPh5Hbud5rJ0r2E48TaFnH6
SpUci0dGwJPqqOL0hfRWq5EJ0vjM6UbEYD
SpBygbxmMH4UPh5Hbud5rJ0r2E48TaFnH6
Possible New Discovery
SpBygbxmMH4UPh5Hbud5rJ0r2E48TaFnH6
SpBygbxmMH4UPh5Hbud5rJ0r2E48TaFnH6
Sp6ZsVTBnqgzgnxwKdSWUEIayB5quS9GCl
SpUci0dGwJPqqOL0hfRWq5EJ0vjM6UbEYD
Sp6ZsVTBnqgzgnxwKdSWUEIayB5quS9GCl
SpBygbxmMH4UPh5Hbud5rJ0r2E48TaFnH6
Possible New Discovery
SpBygbxmMH4UPh5Hbud5rJ0r2E48TaFnH6
Sp6ZsVTBnqgzgnxwKdSWUEIayB5quS9GCl
SpBygbxmMH4UPh5Hbud5rJ0r2E48TaFnH6
Sp6ZsVTBnqgzgnxwKdSWUEIayB5quS9GCl
SpBygbxmMH4UPh5Hbud5rJ0r2E48TaFnH6
SpBygbxmMH4UPh5Hbud5rJ0r2E48TaFnH6
Possible New Discovery
SpBygbxmMH4UPh5Hbud5rJ0r2E48TaFnH6
Possible New Discovery
SpUci0dGwJPqqOL0hfRWq5EJ0vjM6UbEYD
SpUci0dGwJPqqOL0hfRWq5EJ0vjM6UbEYD
SpBygbxmMH4UPh5Hbud5rJ0r2E48TaFnH6
SpBygbxmMH4UPh5Hbud5rJ0r2E48TaFnH6
SpBygbxmMH4UPh5Hbud5rJ0r2E48TaFnH6
SpUci0dGwJPqqOL0hfRWq5EJ0vjM6UbEYD
SpBygbxmMH4UPh5Hbud5rJ0r2E48TaFnH6
Possible New Discovery
Possible New Discovery
SpBygbxmMH4UPh5Hbud5rJ0r2E48TaFnH6
Possible New Discovery
SpBygbxmMH4UPh5Hbud5rJ0r2E48TaFnH6
SpUci0dGwJPqqOL0hfRWq5EJ0vjM6UbEYD
Sp6ZsVTBnqgzgnxwKdSWUEIayB5quS9GCl
SpBygbxmMH4UPh5Hbud5rJ0r2E48TaFnH6
SpBygbxmMH4UPh5Hbud5rJ0r2E48TaFnH6
SpBygbxmMH4UPh5Hbud5rJ0r2E48TaFnH6
Sp6ZsVTBnqgzgnxwKdSWUEIayB5quS9GCl
Sp6ZsVTBnqgzgnxwKdSWUEIayB5quS9GCl
Possible New Discovery
Possible New Discovery
SpBygbxmMH4UPh5Hbud5rJ0r2E48TaFnH6
SpBygbxmMH4UPh5Hbud5rJ0r2E48TaFnH6
SpBygbxmMH4UPh5Hbud5rJ0r2E48TaFnH6
Possible New Discovery
SpBygbxmMH4UPh5Hbud5rJ0r2E48TaFnH6
SpBygbxmMH4UPh5Hbud5rJ0r2E48TaFnH6
SpBygbxmMH4UPh5Hbud5rJ0r2E48TaFnH6
Possible New Discovery
SpBygbxmMH4UPh5Hbud5rJ0r2E48TaFnH6
SpBygbxmMH4UPh5Hbud5rJ0r2E48TaFnH6
Possible New Discovery
SpBygbxmMH4UPh5Hbud5rJ0r2E48TaFnH6
SpBygbxmMH4UPh5Hbud5rJ0r2E48TaFnH6
Possible New Discovery
Possible New Discovery
Possible New Discovery
Possible New Discovery
SpUci0dGwJPqqOL0hfRWq5EJ0vjM6UbEYD
SpBygbxmMH4UPh5Hbud5rJ0r2E48TaFnH6
SpBygbxmMH4UPh5Hbud5rJ0r2E48TaFnH6
Possible New Discovery
SpBygbxmMH4UPh5Hbud5rJ0r2E48TaFnH6
Possible New Discovery
SpBygbxmMH4UPh5Hbud5rJ0r2E48TaFnH6
SpUci0dGwJPqqOL0hfRWq5EJ0vjM6UbEYD
Possible New Discovery
Possible New Discovery
SpBygbxmMH4UPh5Hbud5rJ0r2E48TaFnH6
SpBygbxmMH4UPh5Hbud5rJ0r2E48TaFnH6
Possible New Discovery
SpBygbxmMH4UPh5Hbud5rJ0r2E48TaFnH6
Possible New Discovery
SpBygbxmMH4UPh5Hbud5rJ0r2E48TaFnH6
Sp6ZsVTBnqgzgnxwKdSWUEIayB5quS9GCl
SpBygbxmMH4UPh5Hbud5rJ0r2E48TaFnH6
SpBygbxmMH4UPh5Hbud5rJ0r2E48TaFnH6
SpBygbxmMH4UPh5Hbud5rJ0r2E48TaFnH6
SpUci0dGwJPqqOL0hfRWq5EJ0vjM6UbEYD
SpBygbxmMH4UPh5Hbud5rJ0r2E48TaFnH6
Sp6ZsVTBnqgzgnxwKdSWUEIayB5quS9GCl
Possible New Discovery
SpBygbxmMH4UPh5Hbud5rJ0r2E48TaFnH6
Sp6ZsVTBnqgzgnxwKdSWUEIayB5quS9GCl
SpBygbxmMH4UPh5Hbud5rJ0r2E48TaFnH6
SpBygbxmMH4UPh5Hbud5rJ0r2E48TaFnH6
SpUci0dGwJPqqOL0hfRWq5EJ0vjM6UbEYD
SpBygbxmMH4UPh5Hbud5rJ0r2E48TaFnH6
SpBygbxmMH4UPh5Hbud5rJ0r2E48TaFnH6
SpBygbxmMH4UPh5Hbud5rJ0r2E48TaFnH6
SpBygbxmMH4UPh5Hbud5rJ0r2E48TaFnH6
Possible New Discovery
Sp6ZsVTBnqgzgnxwKdSWUEIayB5quS9GCl
SpBygbxmMH4UPh5Hbud5rJ0r2E48TaFnH6
SpUci0dGwJPqqOL0hfRWq5EJ0vjM6UbEYD
SpUci0dGwJPqqOL0hfRWq5EJ0vjM6UbEYD
SpUci0dGwJPqqOL0hfRWq5EJ0vjM6UbEYD
SpBygbxmMH4UPh5Hbud5rJ0r2E48TaFnH6
Possible New Discovery
SpUci0dGwJPqqOL0hfRWq5EJ0vjM6UbEYD
SpUci0dGwJPqqOL0hfRWq5EJ0vjM6UbEYD
Possible New Discovery
SpBygbxmMH4UPh5Hbud5rJ0r2E48TaFnH6
Possible New Discovery
Possible New Discovery
Sp6ZsVTBnqgzgnxwKdSWUEIayB5quS9GCl
Possible New Discovery
SpBygbxmMH4UPh5Hbud5rJ0r2E48TaFnH6
Possible New Discovery
SpBygbxmMH4UPh5Hbud5rJ0r2E48TaFnH6
SpUci0dGwJPqqOL0hfRWq5EJ0vjM6UbEYD
SpBygbxmMH4UPh5Hbud5rJ0r2E48TaFnH6
SpBygbxmMH4UPh5Hbud5rJ0r2E48TaFnH6
Possible New Discovery
SpzyDqzX6uIDub7SXkx1SDdHXGaTIgmDAR
SpBygbxmMH4UPh5Hbud5rJ0r2E48TaFnH6
SpBygbxmMH4UPh5Hbud5rJ0r2E48TaFnH6
SpBygbxmMH4UPh5Hbud5rJ0r2E48TaFnH6
SpBygbxmMH4UPh5Hbud5rJ0r2E48TaFnH6
SpBygbxmMH4UPh5Hbud5rJ0r2E48TaFnH6
SpBygbxmMH4UPh5Hbud5rJ0r2E48TaFnH6
Possible New Discovery
SpBygbxmMH4UPh5Hbud5rJ0r2E48TaFnH6
SpUci0dGwJPqqOL0hfRWq5EJ0vjM6UbEYD
SpUci0dGwJPqqOL0hfRWq5EJ0vjM6UbEYD
SpBygbxmMH4UPh5Hbud5rJ0r2E48TaFnH6
SpUci0dGwJPqqOL0hfRWq5EJ0vjM6UbEYD
SpBygbxmMH4UPh5Hbud5rJ0r2E48TaFnH6
Possible New Discovery
Possible New Discovery
SpBygbxmMH4UPh5Hbud5rJ0r2E48TaFnH6
Possible New Discovery
SpBygbxmMH4UPh5Hbud5rJ0r2E48TaFnH6
SpBygbxmMH4UPh5Hbud5rJ0r2E48TaFnH6
SpUci0dGwJPqqOL0hfRWq5EJ0vjM6UbEYD
Possible New Discovery
Possible New Discovery
SpBygbxmMH4UPh5Hbud5rJ0r2E48TaFnH6
Possible New Discovery
SpBygbxmMH4UPh5Hbud5rJ0r2E48TaFnH6
SpBygbxmMH4UPh5Hbud5rJ0r2E48TaFnH6
Sp6ZsVTBnqgzgnxwKdSWUEIayB5quS9GCl
Possible New Discovery
SpBygbxmMH4UPh5Hbud5rJ0r2E48TaFnH6
SpBygbxmMH4UPh5Hbud5rJ0r2E48TaFnH6
SpBygbxmMH4UPh5Hbud5rJ0r2E48TaFnH6
SpUci0dGwJPqqOL0hfRWq5EJ0vjM6UbEYD
SpUci0dGwJPqqOL0hfRWq5EJ0vjM6UbEYD
SpBygbxmMH4UPh5Hbud5rJ0r2E48TaFnH6
SpzyDqzX6uIDub7SXkx1SDdHXGaTIgmDAR
SpUci0dGwJPqqOL0hfRWq5EJ0vjM6UbEYD
Sp6ZsVTBnqgzgnxwKdSWUEIayB5quS9GCl
SpBygbxmMH4UPh5Hbud5rJ0r2E48TaFnH6
SpBygbxmMH4UPh5Hbud5rJ0r2E48TaFnH6
Possible New Discovery
Possible New Discovery
Possible New Discovery
Possible New Discovery
Possible New Discovery
SpBygbxmMH4UPh5Hbud5rJ0r2E48TaFnH6
Possible New Discovery
SpBygbxmMH4UPh5Hbud5rJ0r2E48TaFnH6
Possible New Discovery
Possible New Discovery
Possible New Discovery
SpUci0dGwJPqqOL0hfRWq5EJ0vjM6UbEYD
Sp6ZsVTBnqgzgnxwKdSWUEIayB5quS9GCl
Possible New Discovery
Possible New Discovery
SpBygbxmMH4UPh5Hbud5rJ0r2E48TaFnH6
Possible New Discovery
SpUci0dGwJPqqOL0hfRWq5EJ0vjM6UbEYD
Possible New Discovery
Possible New Discovery
Possible New Discovery
SpBygbxmMH4UPh5Hbud5rJ0r2E48TaFnH6
SpBygbxmMH4UPh5Hbud5rJ0r2E48TaFnH6
SpBygbxmMH4UPh5Hbud5rJ0r2E48TaFnH6
SpBygbxmMH4UPh5Hbud5rJ0r2E48TaFnH6
Possible New Discovery
SpBygbxmMH4UPh5Hbud5rJ0r2E48TaFnH6
SpBygbxmMH4UPh5Hbud5rJ0r2E48TaFnH6
SpBygbxmMH4UPh5Hbud5rJ0r2E48TaFnH6
SpUci0dGwJPqqOL0hfRWq5EJ0vjM6UbEYD
SpBygbxmMH4UPh5Hbud5rJ0r2E48TaFnH6
SpBygbxmMH4UPh5Hbud5rJ0r2E48TaFnH6
SpWDdSxA2KDd5Ep80UQ9oIJXXl9GyPtTRM
SpzyDqzX6uIDub7SXkx1SDdHXGaTIgmDAR
SpBygbxmMH4UPh5Hbud5rJ0r2E48TaFnH6
SpBygbxmMH4UPh5Hbud5rJ0r2E48TaFnH6
SpBygbxmMH4UPh5Hbud5rJ0r2E48TaFnH6
Sp6ZsVTBnqgzgnxwKdSWUEIayB5quS9GCl
Possible New Discovery
SpUci0dGwJPqqOL0hfRWq5EJ0vjM6UbEYD
Possible New Discovery
Possible New Discovery
SpUci0dGwJPqqOL0hfRWq5EJ0vjM6UbEYD
Possible New Discovery
SpUci0dGwJPqqOL0hfRWq5EJ0vjM6UbEYD
SpBygbxmMH4UPh5Hbud5rJ0r2E48TaFnH6
Possible New Discovery
Possible New Discovery
SpBygbxmMH4UPh5Hbud5rJ0r2E48TaFnH6
SpBygbxmMH4UPh5Hbud5rJ0r2E48TaFnH6
Possible New Discovery
SpBygbxmMH4UPh5Hbud5rJ0r2E48TaFnH6
SpBygbxmMH4UPh5Hbud5rJ0r2E48TaFnH6
Possible New Discovery
SpBygbxmMH4UPh5Hbud5rJ0r2E48TaFnH6
Possible New Discovery
Possible New Discovery
SpUci0dGwJPqqOL0hfRWq5EJ0vjM6UbEYD
SpUci0dGwJPqqOL0hfRWq5EJ0vjM6UbEYD
SpBygbxmMH4UPh5Hbud5rJ0r2E48TaFnH6
SpBygbxmMH4UPh5Hbud5rJ0r2E48TaFnH6
SpBygbxmMH4UPh5Hbud5rJ0r2E48TaFnH6
SpBygbxmMH4UPh5Hbud5rJ0r2E48TaFnH6
SpBygbxmMH4UPh5Hbud5rJ0r2E48TaFnH6
SpzyDqzX6uIDub7SXkx1SDdHXGaTIgmDAR
SpBygbxmMH4UPh5Hbud5rJ0r2E48TaFnH6
Possible New Discovery
Possible New Discovery
SpBygbxmMH4UPh5Hbud5rJ0r2E48TaFnH6
SpBygbxmMH4UPh5Hbud5rJ0r2E48TaFnH6
Possible New Discovery
Possible New Discovery
SpBygbxmMH4UPh5Hbud5rJ0r2E48TaFnH6
SpUci0dGwJPqqOL0hfRWq5EJ0vjM6UbEYD
Possible New Discovery
SpBygbxmMH4UPh5Hbud5rJ0r2E48TaFnH6
SpBygbxmMH4UPh5Hbud5rJ0r2E48TaFnH6
SpUci0dGwJPqqOL0hfRWq5EJ0vjM6UbEYD
SpBygbxmMH4UPh5Hbud5rJ0r2E48TaFnH6
Sp6ZsVTBnqgzgnxwKdSWUEIayB5quS9GCl
SpBygbxmMH4UPh5Hbud5rJ0r2E48TaFnH6
SpBygbxmMH4UPh5Hbud5rJ0r2E48TaFnH6
SpUci0dGwJPqqOL0hfRWq5EJ0vjM6UbEYD
SpBygbxmMH4UPh5Hbud5rJ0r2E48TaFnH6
SpBygbxmMH4UPh5Hbud5rJ0r2E48TaFnH6
Possible New Discovery
SpUci0dGwJPqqOL0hfRWq5EJ0vjM6UbEYD
Possible New Discovery
SpUci0dGwJPqqOL0hfRWq5EJ0vjM6UbEYD
Sp6ZsVTBnqgzgnxwKdSWUEIayB5quS9GCl
SpBygbxmMH4UPh5Hbud5rJ0r2E48TaFnH6
SpBygbxmMH4UPh5Hbud5rJ0r2E48TaFnH6
Possible New Discovery
SpBygbxmMH4UPh5Hbud5rJ0r2E48TaFnH6
Possible New Discovery
SpjvWFKq6y9ISJtrNWfEMMR7095pOPS1xp
SpBygbxmMH4UPh5Hbud5rJ0r2E48TaFnH6
SpBygbxmMH4UPh5Hbud5rJ0r2E48TaFnH6
SpBygbxmMH4UPh5Hbud5rJ0r2E48TaFnH6
SpBygbxmMH4UPh5Hbud5rJ0r2E48TaFnH6
SpUci0dGwJPqqOL0hfRWq5EJ0vjM6UbEYD
SpBygbxmMH4UPh5Hbud5rJ0r2E48TaFnH6
SpBygbxmMH4UPh5Hbud5rJ0r2E48TaFnH6
SpBygbxmMH4UPh5Hbud5rJ0r2E48TaFnH6
Sp6ZsVTBnqgzgnxwKdSWUEIayB5quS9GCl
SpBygbxmMH4UPh5Hbud5rJ0r2E48TaFnH6
Possible New Discovery
Possible New Discovery
Possible New Discovery
SpBygbxmMH4UPh5Hbud5rJ0r2E48TaFnH6
SpBygbxmMH4UPh5Hbud5rJ0r2E48TaFnH6
Possible New Discovery
SpUci0dGwJPqqOL0hfRWq5EJ0vjM6UbEYD
SpBygbxmMH4UPh5Hbud5rJ0r2E48TaFnH6
SpUci0dGwJPqqOL0hfRWq5EJ0vjM6UbEYD
Possible New Discovery
Possible New Discovery
SpzyDqzX6uIDub7SXkx1SDdHXGaTIgmDAR
Possible New Discovery
SpBygbxmMH4UPh5Hbud5rJ0r2E48TaFnH6
SpUci0dGwJPqqOL0hfRWq5EJ0vjM6UbEYD
