Sp6gkNEF9IFBXU9nD00jfNvKnUpNQkPcLY
Sp6gkNEF9IFBXU9nD00jfNvKnUpNQkPcLY
Sp6gkNEF9IFBXU9nD00jfNvKnUpNQkPcLY
Sp6gkNEF9IFBXU9nD00jfNvKnUpNQkPcLY
Sp6gkNEF9IFBXU9nD00jfNvKnUpNQkPcLY
