SpjzpkUn1Gv3NfX6VYCGOnpy6kBPTlHyiX
Possible New Discovery
Possible New Discovery
Possible New Discovery
Possible New Discovery
Possible New Discovery
Possible New Discovery
SpBkHQ2yQ9PJ4DgF4QSK3Sc8VeKuqVG9hg
Possible New Discovery
Possible New Discovery
Possible New Discovery
Possible New Discovery
Possible New Discovery
Possible New Discovery
Possible New Discovery
Possible New Discovery
SpU2gHRyxM5bi3OQfrhQ3BRlJuljzUUktI
Possible New Discovery
SpgoXioC4MfunQU1SvTHvsTpBEvK7pZ8qH
Possible New Discovery
