Possible New Discovery
Possible New Discovery
Possible New Discovery
SphGZpW2oVoVdkJmWj0zIlARC9ENtRU2ph
Possible New Discovery
SpM300oxhM5Mua9uLxCy7teHubmdeX0HSC
Possible New Discovery
Possible New Discovery
Possible New Discovery
Possible New Discovery
SpXOO7VbhvrOFB3KSQcN0UQAzQmdmNXzrP
Possible New Discovery
SpL7fmLrA3ekb4N8QvpuATP1qGrZBnICou
SpHGbgtifBLe9KKGNsZsqLilo8pBTEPl1k
Possible New Discovery
SpaPoLJOEb1TJleVSEKJ1SpaDqUw9ARQgC
Possible New Discovery
Possible New Discovery
Sp9YHN2IbBA2plED4Ei5kE3pFYajwc3ZOJ
Possible New Discovery
Possible New Discovery
Possible New Discovery
Possible New Discovery
Possible New Discovery
SpM300oxhM5Mua9uLxCy7teHubmdeX0HSC
Possible New Discovery
Possible New Discovery
Possible New Discovery
Possible New Discovery
Possible New Discovery
Possible New Discovery
Possible New Discovery
Possible New Discovery
Possible New Discovery
Possible New Discovery
Possible New Discovery
Possible New Discovery
Spr47OkpNil3lHC6amwb672V6KdXxu2Pcz
Possible New Discovery
SpaPoLJOEb1TJleVSEKJ1SpaDqUw9ARQgC
