Possible New Discovery
Possible New Discovery
Possible New Discovery
Possible New Discovery
SpymbEE8eKZ9FawRTyrNjWaOKvavQSjn8D
Possible New Discovery
Possible New Discovery
Possible New Discovery
Possible New Discovery
Possible New Discovery
Possible New Discovery
Possible New Discovery
Spk58AkFCfNHRf48vXwZxalq2zS222kmOg
Possible New Discovery
Possible New Discovery
Possible New Discovery
Possible New Discovery
Possible New Discovery
Possible New Discovery
Possible New Discovery
Possible New Discovery
SpmCrc9zljjwyqq5xYHNlwpPCpoNOvcSvn
Possible New Discovery
Possible New Discovery
Possible New Discovery
SppJo2cyi1v0LIZns1XfZe9k4bE9chVwbM
Sptb94nl9cJcuG0frvq2oEzIwYFULe92Uu
Possible New Discovery
Spk58AkFCfNHRf48vXwZxalq2zS222kmOg
Sp8Q25bNJSJjTmFPbrcobmBCJO4AxWbSjz
Possible New Discovery
Possible New Discovery
Possible New Discovery
Possible New Discovery
Possible New Discovery
Possible New Discovery
Sptb94nl9cJcuG0frvq2oEzIwYFULe92Uu
Possible New Discovery
Possible New Discovery
Sp2CwAVO9v9ZVZ2s02qKzq8hDkqxtuVTDi
Possible New Discovery
Possible New Discovery
SpwxtmnnljYtumPBlJLQcojdYULUxumiNS
Possible New Discovery
Possible New Discovery
Sp5W40v0xzZXXsiL3dPiKwAb70LzcUBzYw
Possible New Discovery
Possible New Discovery
Possible New Discovery
SpCKQGSksJ2FDN7uzYtkwxy1cozs3nj5Ox
Possible New Discovery
Possible New Discovery
Possible New Discovery
Possible New Discovery
Possible New Discovery
Possible New Discovery
Possible New Discovery
Possible New Discovery
Possible New Discovery
Possible New Discovery
Possible New Discovery
Sp5W40v0xzZXXsiL3dPiKwAb70LzcUBzYw
Possible New Discovery
Possible New Discovery
Possible New Discovery
Possible New Discovery
Possible New Discovery
Possible New Discovery
SpaEb3P8UfKvADSgobHSvzRdvaU56hGN0k
Possible New Discovery
Possible New Discovery
Possible New Discovery
Possible New Discovery
Possible New Discovery
Possible New Discovery
Possible New Discovery
Possible New Discovery
Possible New Discovery
Possible New Discovery
Sptb94nl9cJcuG0frvq2oEzIwYFULe92Uu
Possible New Discovery
Possible New Discovery
Possible New Discovery
Possible New Discovery
Possible New Discovery
SpkO0lWUGxcCNnwgBcz0CX9VoMX0GTCtjM
Possible New Discovery
Possible New Discovery
SpSR2lNcVYROGNlORekoP8b32EC2nm3L59
SpwxtmnnljYtumPBlJLQcojdYULUxumiNS
Possible New Discovery
Possible New Discovery
Sp3mMZXB1RawRROvmmaeEmcZ1zllHuzEzo
Possible New Discovery
SpIjx6kQWMS85AstJSuCJeqJak0ADqMvKE
Sptb94nl9cJcuG0frvq2oEzIwYFULe92Uu
Possible New Discovery
Possible New Discovery
Possible New Discovery
Possible New Discovery
