Possible New Discovery
Possible New Discovery
Possible New Discovery
Possible New Discovery
Spmac9qVXusRWn1LFcD7GKtZCfcY1iWH0N
SpTrPh2OKAiXf1v4VbuCFYm94fLxMljbXJ
Possible New Discovery
Possible New Discovery
Spb4QUUJjZ8coQhkbxqbYPtBeIXqg2mNfo
Possible New Discovery
Possible New Discovery
SpLupX6Z0wnz7VL6uA3iKROhAga1buQZsE
SpSIIvnDRYuXJlN3Iuu3mgxRRTt31hkuWL
SptkcBy49FGlmymkRmyJKLNmXp0FINGhJM
Possible New Discovery
Possible New Discovery
Possible New Discovery
Possible New Discovery
Possible New Discovery
Possible New Discovery
SpClnQFaQN43jn6ZkH4c05ft0ooMZutoJZ
SpXwUi5bVeyh7DTClCPKtlAYcHzqa9QmgK
Sp4MzAPV3h4ywjOe9PA5gUR4Ru5BfvLm69
Possible New Discovery
Possible New Discovery
Possible New Discovery
Possible New Discovery
SpBoGVNID58NRjU7D8Q6hx4SXiDNYUfj8I
Possible New Discovery
Possible New Discovery
Possible New Discovery
Possible New Discovery
Possible New Discovery
Possible New Discovery
Possible New Discovery
Possible New Discovery
Possible New Discovery
Possible New Discovery
Possible New Discovery
Possible New Discovery
Possible New Discovery
Possible New Discovery
Possible New Discovery
Possible New Discovery
Possible New Discovery
Possible New Discovery
Possible New Discovery
Sp9JVAboyDHiYXQvpvE8ArryOZ8XNK0yCU
Possible New Discovery
Possible New Discovery
Possible New Discovery
Possible New Discovery
Possible New Discovery
Possible New Discovery
Possible New Discovery
Possible New Discovery
Possible New Discovery
Possible New Discovery
Possible New Discovery
Possible New Discovery
Possible New Discovery
Possible New Discovery
Possible New Discovery
Possible New Discovery
Possible New Discovery
Possible New Discovery
Possible New Discovery
Possible New Discovery
Possible New Discovery
Possible New Discovery
Possible New Discovery
Possible New Discovery
Possible New Discovery
Possible New Discovery
Possible New Discovery
SpqNx5IcRNibNzIvnAERJEwLnhWHPkxjTG
Possible New Discovery
SpTrPh2OKAiXf1v4VbuCFYm94fLxMljbXJ
Possible New Discovery
Possible New Discovery
Possible New Discovery
Possible New Discovery
Possible New Discovery
Possible New Discovery
Possible New Discovery
Possible New Discovery
Possible New Discovery
Possible New Discovery
Possible New Discovery
Possible New Discovery
Possible New Discovery
SptkcBy49FGlmymkRmyJKLNmXp0FINGhJM
Possible New Discovery
Possible New Discovery
Possible New Discovery
Possible New Discovery
Possible New Discovery
Possible New Discovery
Possible New Discovery
Possible New Discovery
Possible New Discovery
Possible New Discovery
Possible New Discovery
Possible New Discovery
Possible New Discovery
Possible New Discovery
Possible New Discovery
Possible New Discovery
Possible New Discovery
Possible New Discovery
Possible New Discovery
Possible New Discovery
Possible New Discovery
Possible New Discovery
Possible New Discovery
Possible New Discovery
Possible New Discovery
SprvXbea9mpmKfoYuybULaDWcEZfLiOYwk
Possible New Discovery
Possible New Discovery
Possible New Discovery
SpDKjbKzKIX8FH1Bl9qQel3CIoHfQQmJL3
Possible New Discovery
Possible New Discovery
Possible New Discovery
Possible New Discovery
SpaXW9a9FZu9IlljLzcEMmLoUZTr3kD2TS
Possible New Discovery
Possible New Discovery
Possible New Discovery
Possible New Discovery
SpIYhftM9hiuMhGlEHfoQBccIeVDSSA6ZB
Possible New Discovery
Possible New Discovery
Possible New Discovery
Possible New Discovery
Possible New Discovery
Possible New Discovery
Possible New Discovery
Possible New Discovery
Possible New Discovery
Possible New Discovery
Possible New Discovery
Sp8HpzCVSAd5F5SM2w9IvQjTpDxOY6VYQI
SpVwvWHgz2weXBBMOiq1TBboqWsaz0MGS7
Possible New Discovery
Possible New Discovery
Possible New Discovery
Possible New Discovery
Possible New Discovery
