Possible New Discovery
Possible New Discovery
Possible New Discovery
Possible New Discovery
Possible New Discovery
Possible New Discovery
Possible New Discovery
Possible New Discovery
Possible New Discovery
SpD7qDXndaCsMv8bstJZbEYAGkite67AzV
Possible New Discovery
Possible New Discovery
Possible New Discovery
Possible New Discovery
Possible New Discovery
Possible New Discovery
Possible New Discovery
Possible New Discovery
Possible New Discovery
Possible New Discovery
Spet4ozuj2ZXUT3tLZbLwHPIpWGfPFuNTV
Possible New Discovery
SpJ7impbtXWkg8EM2AAyNY85AcQDgMXnyN
Possible New Discovery
Possible New Discovery
Possible New Discovery
Possible New Discovery
Possible New Discovery
Possible New Discovery
Possible New Discovery
Possible New Discovery
Possible New Discovery
Possible New Discovery
Possible New Discovery
Possible New Discovery
Possible New Discovery
Possible New Discovery
Possible New Discovery
Possible New Discovery
Possible New Discovery
Possible New Discovery
Possible New Discovery
Possible New Discovery
Possible New Discovery
Possible New Discovery
Possible New Discovery
Possible New Discovery
Possible New Discovery
Possible New Discovery
Spxqft3xDS8wCUmHxqCePvsprkyG6g28ac
Possible New Discovery
Possible New Discovery
Possible New Discovery
Possible New Discovery
Possible New Discovery
Possible New Discovery
Possible New Discovery
Possible New Discovery
Possible New Discovery
Possible New Discovery
Possible New Discovery
Possible New Discovery
Possible New Discovery
Possible New Discovery
Possible New Discovery
Possible New Discovery
Possible New Discovery
Possible New Discovery
Possible New Discovery
Possible New Discovery
Possible New Discovery
Possible New Discovery
Possible New Discovery
Possible New Discovery
Possible New Discovery
Possible New Discovery
Possible New Discovery
Possible New Discovery
Possible New Discovery
Possible New Discovery
Possible New Discovery
Possible New Discovery
Possible New Discovery
Possible New Discovery
Possible New Discovery
Possible New Discovery
Possible New Discovery
Possible New Discovery
Possible New Discovery
Possible New Discovery
Possible New Discovery
Possible New Discovery
Possible New Discovery
Possible New Discovery
Possible New Discovery
Possible New Discovery
Possible New Discovery
Possible New Discovery
Possible New Discovery
Possible New Discovery
